// Jest Snapshot v1, https://goo.gl/fbAQLP

exports[`ViewMoreMatches renders its content 1`] = `
<ViewMoreMatches>
  <Styled(ul)
    blockHeight={0}
    innerRef={
      Object {
        "current": <ul
          class="css-12eg17e e1gwa8591"
        >
          <li
            class="css-1u41msn e1gwa8592"
          >
            <div>
              match
            </div>
          </li>
        </ul>,
      }
    }
    isExpanded={false}
  >
    <ul
      className="css-12eg17e e1gwa8591"
    >
      <Styled(li)
        key="0"
      >
        <li
          className="css-1u41msn e1gwa8592"
        >
          <div
            key="0"
          >
            match
          </div>
        </li>
      </Styled(li)>
    </ul>
  </Styled(ul)>
  <Styled(span)
    onClick={[Function]}
  >
    <span
      className="css-41z9q8 e1gwa8590"
      onClick={[Function]}
    >
      Show more
    </span>
  </Styled(span)>
</ViewMoreMatches>
`;
