// Jest Snapshot v1, https://goo.gl/fbAQLP

exports[`PlayerInfos renders its content 1`] = `
<Styled(div)>
  <Styled(div)>
    <Styled(div)>
      <Styled(div)>
        Rafael
         
        Nadal
      </Styled(div)>
      <Styled(div)>
        <Styled(img)
          alt="Spain"
          data-test="flag-picture"
          src="https://i.eurosport.com/_iss_/geo/country/flag/medium/2203.png"
        />
        <Styled(span)>
          Spain
        </Styled(span)>
      </Styled(div)>
      <Styled(ul)>
        <Styled(li)>
          <Styled(div)>
            height (m)
          </Styled(div)>
          1.85
        </Styled(li)>
        <Styled(li)>
          <Styled(div)>
            weight (kg)
          </Styled(div)>
          85
        </Styled(li)>
        <Styled(li)>
          <Styled(div)>
            age
          </Styled(div)>
          32
        </Styled(li)>
      </Styled(ul)>
    </Styled(div)>
    <Styled(div)>
      <Styled(div)>
        <img
          alt="Rafael Nadal"
          data-test="player-picture"
          src="https://i.eurosport.com/_iss_/person/pp_clubteam/large/435121.jpg"
        />
      </Styled(div)>
      <Styled(div)>
        <Styled(div)>
           ranking
        </Styled(div)>
        <Styled(span)>
          2
        </Styled(span)>
      </Styled(div)>
    </Styled(div)>
  </Styled(div)>
  <Styled(div) />
</Styled(div)>
`;
