// Jest Snapshot v1, https://goo.gl/fbAQLP

exports[`renders a ArticleCard 1`] = `
<Card>
  <CardHeader>
    <img
      src="https://i.eurosport.com/2018/10/29/2450727-50913270-2560-1440.jpg?w=200"
    />
  </CardHeader>
  <CardContent>
    <Styled(Heading)
      as="h1"
    >
      Heading
    </Styled(Heading)>
    <Styled(Text)>
      Lorem ipsum dolor sit.
    </Styled(Text)>
  </CardContent>
  <CardFooter>
    <span>
      more info
    </span>
  </CardFooter>
</Card>
`;
