// Jest Snapshot v1, https://goo.gl/fbAQLP

exports[`renders a Article ContentCard 1`] = `
<Card>
  <Header>
    <Styled(img)
      alt="Description"
      src="https://i.eurosport.com/2018/10/29/2450727-50913270-2560-1440.jpg?w=200"
    />
  </Header>
  <Content>
    <UppercaseHeading
      as="h2"
    >
      Tennis
    </UppercaseHeading>
    <Styled(Text)>
      Youth olympic summer games
    </Styled(Text)>
    <Styled(Text)>
      Description
    </Styled(Text)>
    <Styled(div)>
      <Styled(Text)>
        09:00 - 10:30
      </Styled(Text)>
    </Styled(div)>
  </Content>
</Card>
`;
