// Jest Snapshot v1, https://goo.gl/fbAQLP

exports[`renders a Article ContentCard 1`] = `
<Styled(Link)
  href="/article/1"
  linkComponent={[Function]}
>
  <Styled(div)>
    <Styled(div)
      src="https://i.eurosport.com/2018/10/29/2450727-50913270-2560-1440.jpg?w=200"
    />
  </Styled(div)>
  <Styled(div)>
    <Styled(div)>
      Tennis
    </Styled(div)>
    <Styled(div)>
      Youth olympic summer games
    </Styled(div)>
    <Styled(div)>
      Description
    </Styled(div)>
    <Styled(div)>
      <Styled(div)>
        <Styled(div)>
          09:00 - 10:30
        </Styled(div)>
      </Styled(div)>
    </Styled(div)>
  </Styled(div)>
</Styled(Link)>
`;
