// Jest Snapshot v1, https://goo.gl/fbAQLP

exports[`Schedule card Renders a schedule card 1`] = `
<Styled(div)>
  <Styled(div)
    img="https://i.eurosport.com/2018/10/29/2450727-50913270-2560-1440.jpg?w=200"
  />
  <Styled(Cards.Content)
    card={
      Object {
        "category": "Tennis",
        "channel": "E1",
        "description": "Description",
        "img": "https://i.eurosport.com/2018/10/29/2450727-50913270-2560-1440.jpg?w=200",
        "timestamp": "09:00 - 10:30",
        "title": "Youth olympic summer games",
      }
    }
  />
</Styled(div)>
`;
