// Jest Snapshot v1, https://goo.gl/fbAQLP

exports[`Vod card Renders a Vod card 1`] = `
<CompactCard
  card={
    Object {
      "category": "Tennis",
      "description": "Description",
      "img": "https://i.eurosport.com/2018/10/29/2450727-50913270-2560-1440.jpg?w=200",
      "timestamp": "01:09:28",
      "title": "Youth olympic summer games",
    }
  }
  icon={
    <img
      alt="play"
      height={20}
      src="play.svg"
    />
  }
/>
`;
