// Jest Snapshot v1, https://goo.gl/fbAQLP

exports[`Hero renders Hero 1`] = `
<Styled(div)>
  <Styled(div)
    img="Picture"
  />
  <Styled(div)>
    <Column
      large={null}
      largeOffset={null}
      medium="9"
      mediumOffset="1"
      small={null}
      smallOffset={null}
      tiny="full"
      tinyOffset="0"
      wide="7"
      wideOffset={null}
    >
      <Styled(h1)>
        Title
      </Styled(h1)>
      <Styled(Author)
        img="E.svg"
        time=""
      />
    </Column>
  </Styled(div)>
</Styled(div)>
`;
