// Jest Snapshot v1, https://goo.gl/fbAQLP

exports[`<Quantcast /> renders the Quantcast component 1`] = `
<Quantcast
  cmpConf={
    Object {
      "Consent Scope": "service",
      "Custom Links Displayed on Initial Screen": Array [
        "[Find out more about cookies by reading our Cookies Policy.](https://www.eurosport.co.uk/eurosport/cookie-policy_sto6832423/story.shtml)",
      ],
      "Initial Screen Accept Button Text": "I accept",
      "Initial Screen Body Text": "We and our partners process your personal data using technology such as cookies in order to serve advertising, analyse our traffic and deliver customised experiences for you. You have choice in who uses your data and for what purposes and after setting your preferences may come back anytime to make changes.",
      "Initial Screen Body Text Option": 2,
      "Language": "en",
      "No Option": false,
      "Post Consent Page": "https://www.eurosport.com",
      "Publisher Logo": "https://layout.eurosport.com/i/v8_5/logo/esp_logo_dark_2x.png",
      "Publisher Name": "Eurosport",
      "Publisher Purpose IDs": Array [
        5,
      ],
      "Publisher Purpose Legitimate Interest IDs": Array [
        5,
      ],
      "Publisher Vendor List URL": "https://www.eurosport.co.uk/.well-known/pubvendors.json",
      "Purpose Screen Body Text": "Eurosport collects information through technology such as cookies to measure, understand and report on your usage of the service, as explained more fully below (\\"Measurement\\").  To understand more about these cookies and how to disable them, please see our <a href='https://www.eurosport.co.uk/eurosport/cookie-policy_sto6832423/story.shtml'>Cookies Policy.</a>. <br/> <br/>With regard to cookies and similar technologies used for the purpose of personalised advertising, you can set your consent preferences and determine how you want your data to be used based on the purposes under Third Party Vendors below.  Each purpose has a description so that you know how we and our partners use your data.  ",
      "UI Layout": "banner",
      "Vendor Screen Accept All Button Text": "Accept all",
      "Vendor Screen Body Text": "With regard to cookies and similar technologies used for the purpose of personalised advertising, you can set your consent preferences and determine how you want your data to be used based on the purposes below. Each purpose has a description so that you know how we and our partners use your data. ",
      "Vendor Screen Reject All Button Text": "Reject all",
    }
  }
  scriptUrl="'https://quantcast.mgr.consensu.org/cmp.js'"
>
  <QuantcastStyle>
    <style
      dangerouslySetInnerHTML={
        Object {
          "__html": ".qc-cmp-button {
  background-color: #141B4D !important;
  border-color: #141B4D !important;
  }
  .qc-cmp-button:hover {
  background-color: transparent !important;
  border-color: #141B4D !important;
  color: #141B4D !important;
  }
  .qc-cmp-alt-action,
  .qc-cmp-link {
  color: #141B4D !important;
  }
  .qc-cmp-button {
  color: #ffffff !important;
  }
  .qc-cmp-ui,
  .qc-cmp-ui .qc-cmp-main-messaging,
  .qc-cmp-ui .qc-cmp-messaging,
  .qc-cmp-ui .qc-cmp-beta-messaging,
  .qc-cmp-ui .qc-cmp-title,
  .qc-cmp-ui .qc-cmp-sub-title,
  .qc-cmp-ui .qc-cmp-purpose-info,
  .qc-cmp-ui .qc-cmp-table,
  .qc-cmp-ui .qc-cmp-table-header,
  .qc-cmp-ui .qc-cmp-vendor-list,
  .qc-cmp-ui .qc-cmp-vendor-list-title {
  color: #3D4248 !important;
  }
  .qc-cmp-ui a,
  .qc-cmp-ui .qc-cmp-alt-action {
  color: #141B4D !important;
  }
  .qc-cmp-ui {
  background-color: #ffffff !important;
  }
  .qc-cmp-publisher-purposes-table .qc-cmp-table-header {
  background-color: #fafafa !important;
  }
  .qc-cmp-publisher-purposes-table .qc-cmp-table-row {
  background-color: #ffffff !important;
  }
  .qc-cmp-toggle-status {
  color : #97999B !important;
  }
  .qc-cmp-publisher-purposes-table .qc-cmp-toggle-status {
  color : #ffffff !important;
  }

  .qc-cmp-toggle {
  border:1px solid #ccc !important;
  }

  .qc-cmp-toggle-switch {
  top:-1px !important;
  border:1px solid #ccc !important;
  }
  .qc-cmp-toggle-off {
  background:#ccc !important;
  }

  .qc-cmp-arrow-down {
  background:url(\\"data:image/svg+xml;charset=utf-8,%3Csvg xmlns='http://www.w3.org/2000/svg' viewBox='0 0 16 16' fill='none' stroke='%23141B4D' stroke-width='2' stroke-linecap='round' stroke-linejoin='round'%3E%3Cpath d='M2 5l6 6 6-6'/%3E%3C/svg%3E\\") 50% no-repeat !important;
  cursor:pointer;
  }

  .qc-cmp-purposes-header .qc-cmp-secondary-button {
  display:none;
  }



    @media screen and (max-width: 640px) {

      .qc-cmp-nav-bar-buttons-container .qc-cmp-button {
        white-space: normal;
        line-height: 1.1;
        font-size: 10px;
        margin: 10px 3px 10px 3px !important;
      }

      .qc-cmp-button.qc-cmp-save-and-exit {
        font-size: 10px;
      }

      .qc-cmp-ui .qc-cmp-title {
        font-size: 26px;
      }

      .qc-cmp-ui .qc-cmp-main-messaging {
        font-size: 12px;
      }

    }",
        }
      }
    />
  </QuantcastStyle>
</Quantcast>
`;
