// Jest Snapshot v1, https://goo.gl/fbAQLP

exports[`StoryCard renders its content 1`] = `
<Styled(a)
  href="http://test.com"
  target="_blank"
>
  <Styled(div)>
    <img
      alt="title"
      src="src.image"
    />
  </Styled(div)>
  <Styled(div)>
    <Styled(div)>
      story topic
    </Styled(div)>
    <Styled(div)>
      <Responsive(LinesEllipsis)
        basedOn="letters"
        ellipsis="..."
        innerRef={[Function]}
        maxLine={3}
        text="title"
        trimRight={true}
      />
    </Styled(div)>
    <Styled(h6)>
      1 day ago
    </Styled(h6)>
  </Styled(div)>
</Styled(a)>
`;
