// Jest Snapshot v1, https://goo.gl/fbAQLP

exports[`renders a ArrowLink 1`] = `
<Styled(a)
  href="/"
  theme={
    Object {
      "button": Object {
        "primary": Object {
          "backgroundColor": "#d50032",
          "color": "#ffffff",
        },
        "secondary": Object {
          "color": "#66cef9",
        },
      },
      "link": Object {
        "color": "#66cef9",
      },
    }
  }
>
  Click me !
  <Styled(ReactComponent) />
</Styled(a)>
`;
