// Jest Snapshot v1, https://goo.gl/fbAQLP

exports[`Header renders Header 1`] = `
<Styled(header)
  data-test="header"
  homePageUrl=""
  menuItems={null}
  quantCastMenuLabel=""
>
  <Link
    data-test="header-logo"
    href=""
    linkComponent={[Function]}
  >
    <Logo
      small={false}
    />
  </Link>
</Styled(header)>
`;

exports[`Header with submenu renders Header with BurgerMenu 1`] = `
<Styled(header)
  data-test="header"
  homePageUrl=""
  menuItems={
    Object {
      "items": Array [
        Object {
          "id": 1,
          "isBottom": false,
          "isWatch": false,
          "items": Array [],
          "link": Object {
            "blank": false,
            "url": "/",
          },
          "name": "Accueil",
        },
        Object {
          "id": 2,
          "isBottom": false,
          "isWatch": false,
          "items": Array [],
          "menuType": "sports",
          "name": "Tous les sports",
          "sections": Array [
            Object {
              "columnType": "popular-sports",
              "items": Array [
                Object {
                  "isBottom": false,
                  "isWatch": false,
                  "items": Array [],
                  "link": Object {
                    "blank": false,
                    "url": "/football/",
                  },
                  "name": "Football",
                },
                Object {
                  "isBottom": false,
                  "isWatch": false,
                  "items": Array [],
                  "link": Object {
                    "blank": false,
                    "url": "/tennis/",
                  },
                  "name": "Tennis",
                },
              ],
              "name": "Sports à la Une",
            },
            Object {
              "columnType": "all-sports",
              "items": Array [
                Object {
                  "isBottom": false,
                  "isWatch": false,
                  "items": Array [
                    Object {
                      "isBottom": false,
                      "isWatch": false,
                      "items": Array [],
                      "link": Object {
                        "blank": false,
                        "url": "/football/",
                      },
                      "name": "Accueil football",
                    },
                    Object {
                      "isBottom": false,
                      "isWatch": false,
                      "items": Array [],
                      "link": Object {
                        "blank": false,
                        "url": "/football/ligue-1/",
                      },
                      "name": "Ligue 1",
                    },
                  ],
                  "link": Object {
                    "blank": false,
                    "url": "/football/",
                  },
                  "name": "Football",
                },
                Object {
                  "isBottom": false,
                  "isWatch": false,
                  "items": Array [
                    Object {
                      "isBottom": false,
                      "isWatch": false,
                      "items": Array [],
                      "link": Object {
                        "blank": false,
                        "url": "/tennis/",
                      },
                      "name": "Accueil tennis",
                    },
                    Object {
                      "isBottom": false,
                      "isWatch": false,
                      "items": Array [],
                      "link": Object {
                        "blank": false,
                        "url": "/tennis/open-d-australie/",
                      },
                      "name": "Open d'Australie",
                    },
                    Object {
                      "isBottom": false,
                      "isWatch": false,
                      "items": Array [],
                      "link": Object {
                        "blank": false,
                        "url": "/tennis/roland-garros/",
                      },
                      "name": "Roland-Garros",
                    },
                  ],
                  "link": Object {
                    "blank": false,
                    "url": "/tennis/",
                  },
                  "name": "Tennis",
                },
                Object {
                  "isBottom": false,
                  "isWatch": false,
                  "items": Array [
                    Object {
                      "isBottom": false,
                      "isWatch": false,
                      "items": Array [],
                      "link": Object {
                        "blank": false,
                        "url": "https://int.rugbyrama.fr/",
                      },
                      "name": "Accueil rugby",
                    },
                    Object {
                      "isBottom": false,
                      "isWatch": false,
                      "items": Array [],
                      "link": Object {
                        "blank": false,
                        "url": "https://int.rugbyrama.fr/rugby/top-14/",
                      },
                      "name": "Top 14",
                    },
                    Object {
                      "isBottom": false,
                      "isWatch": false,
                      "items": Array [],
                      "link": Object {
                        "blank": false,
                        "url": "https://int.rugbyrama.fr/rugby/pro-d2/",
                      },
                      "name": "Pro D2",
                    },
                  ],
                  "link": Object {
                    "blank": false,
                    "url": "https://int.rugbyrama.fr/",
                  },
                  "name": "Rugby",
                },
                Object {
                  "isBottom": false,
                  "isWatch": false,
                  "items": Array [],
                  "link": Object {
                    "blank": false,
                    "url": "/boxe/",
                  },
                  "name": "Boxe",
                },
              ],
              "name": "Tous les sports",
            },
          ],
        },
        Object {
          "id": 3,
          "isBottom": false,
          "isWatch": false,
          "items": Array [],
          "link": Object {
            "blank": false,
            "url": "https://int-video.eurosport.fr",
          },
          "name": "Vidéos",
        },
        Object {
          "id": 4,
          "isBottom": false,
          "isWatch": true,
          "items": Array [],
          "link": Object {
            "blank": false,
            "url": "/regardez-eurosport-en-direct.shtml",
          },
          "name": "S'abonner à Eurosport",
          "sections": Array [
            Object {
              "items": Array [
                Object {
                  "isBottom": false,
                  "isWatch": false,
                  "items": Array [],
                  "link": Object {
                    "blank": false,
                    "url": "/regardez-eurosport-en-direct.shtml",
                  },
                  "name": "Home watch",
                },
                Object {
                  "isBottom": false,
                  "isWatch": false,
                  "items": Array [],
                  "link": Object {
                    "blank": false,
                    "url": "/eurosport-guide-tv.shtml",
                  },
                  "name": "Guide TV",
                },
                Object {
                  "isBottom": false,
                  "isWatch": false,
                  "items": Array [],
                  "link": Object {
                    "blank": false,
                    "url": "https://int.eurosport.fr/watch-eurosport-how.shtml",
                  },
                  "name": "Comment regarder Eurosport ?",
                },
                Object {
                  "isBottom": false,
                  "isWatch": false,
                  "items": Array [],
                  "link": Object {
                    "blank": false,
                    "url": "https://int.eurosport.fr/watch-eurosport-how.shtml",
                  },
                  "name": "A ne pas manquer sur Eurosport",
                },
                Object {
                  "isBottom": false,
                  "isWatch": false,
                  "items": Array [],
                  "link": Object {
                    "blank": false,
                    "url": "https://int.eurosport.fr/watch-eurosport-how.shtml",
                  },
                  "name": "Prochains évènements Eurosport",
                },
              ],
              "name": "S'abonner",
            },
          ],
          "shortName": "S'abonner",
        },
        Object {
          "id": 5,
          "isBottom": false,
          "isWatch": false,
          "items": Array [],
          "name": "Plus",
          "sections": Array [
            Object {
              "columnType": "about-us",
              "items": Array [
                Object {
                  "isBottom": false,
                  "isWatch": false,
                  "items": Array [],
                  "link": Object {
                    "blank": false,
                    "url": "https://int-lebuzz.eurosport.fr/home_rub779.shtml",
                  },
                  "name": "Le Buzz",
                },
              ],
              "name": "Plus",
            },
            Object {
              "columnType": "about-us",
              "items": Array [
                Object {
                  "isBottom": false,
                  "isWatch": false,
                  "items": Array [],
                  "link": Object {
                    "blank": false,
                    "url": "https://int-video.eurosport.fr/omnisport/chaine-video/smit-invest-in-the-future/",
                  },
                  "name": "SMIT – Invest in the future",
                },
              ],
              "name": "Partenaires",
            },
            Object {
              "columnType": "about-us",
              "items": Array [
                Object {
                  "isBottom": false,
                  "isWatch": false,
                  "items": Array [],
                  "link": Object {
                    "blank": false,
                    "url": "/application-iphone.shtml",
                  },
                  "name": "Applications mobiles",
                },
                Object {
                  "isBottom": false,
                  "isWatch": false,
                  "items": Array [],
                  "link": Object {
                    "blank": false,
                    "url": "https://helpcenter.eurosport.com/en_ROW",
                  },
                  "name": "FAQ",
                },
              ],
              "name": "A propos",
            },
          ],
        },
        Object {
          "id": 6,
          "isBottom": true,
          "isWatch": false,
          "items": Array [],
          "name": "Version FR",
          "sections": Array [
            Object {
              "items": Array [
                Object {
                  "isBottom": false,
                  "isWatch": false,
                  "items": Array [],
                  "link": Object {
                    "blank": false,
                    "url": "https://int.eurosport.com",
                  },
                  "name": "International (English)",
                },
                Object {
                  "isBottom": false,
                  "isWatch": false,
                  "items": Array [],
                  "link": Object {
                    "blank": false,
                    "url": "https://int-espanol.eurosport.com",
                  },
                  "name": "Internacional (Español)",
                },
              ],
              "name": "Sites Eurosport",
            },
          ],
        },
      ],
      "socialItem": Object {
        "id": 7,
        "isBottom": false,
        "isWatch": false,
        "items": Array [],
        "name": "Suivez nous sur :",
        "sections": Array [
          Object {
            "items": Array [
              Object {
                "icon": "facebook",
                "isBottom": false,
                "isWatch": false,
                "items": Array [],
                "link": Object {
                  "blank": false,
                  "url": "//facebook.com/EurosportFR",
                },
                "name": "Facebook",
              },
              Object {
                "icon": "twitter",
                "isBottom": false,
                "isWatch": false,
                "items": Array [],
                "link": Object {
                  "blank": false,
                  "url": "//twitter.com/Eurosport_FR",
                },
                "name": "Twitter",
              },
              Object {
                "icon": "snapchat",
                "isBottom": false,
                "isWatch": false,
                "items": Array [],
                "link": Object {
                  "blank": false,
                  "url": "//www.snapchat.com/add/eurosportfr",
                },
                "name": "Snapchat",
              },
              Object {
                "icon": "instagram",
                "isBottom": false,
                "isWatch": false,
                "items": Array [],
                "link": Object {
                  "blank": false,
                  "url": "//www.instagram.com/eurosport",
                },
                "name": "Instagram",
              },
            ],
          },
        ],
      },
    }
  }
  quantCastMenuLabel=""
>
  <withMatchMedia(BurgerMenu)
    header={
      Object {
        "items": Array [
          Object {
            "id": 1,
            "isBottom": false,
            "isWatch": false,
            "items": Array [],
            "link": Object {
              "blank": false,
              "url": "/",
            },
            "name": "Accueil",
          },
          Object {
            "id": 2,
            "isBottom": false,
            "isWatch": false,
            "items": Array [],
            "menuType": "sports",
            "name": "Tous les sports",
            "sections": Array [
              Object {
                "columnType": "popular-sports",
                "items": Array [
                  Object {
                    "isBottom": false,
                    "isWatch": false,
                    "items": Array [],
                    "link": Object {
                      "blank": false,
                      "url": "/football/",
                    },
                    "name": "Football",
                  },
                  Object {
                    "isBottom": false,
                    "isWatch": false,
                    "items": Array [],
                    "link": Object {
                      "blank": false,
                      "url": "/tennis/",
                    },
                    "name": "Tennis",
                  },
                ],
                "name": "Sports à la Une",
              },
              Object {
                "columnType": "all-sports",
                "items": Array [
                  Object {
                    "isBottom": false,
                    "isWatch": false,
                    "items": Array [
                      Object {
                        "isBottom": false,
                        "isWatch": false,
                        "items": Array [],
                        "link": Object {
                          "blank": false,
                          "url": "/football/",
                        },
                        "name": "Accueil football",
                      },
                      Object {
                        "isBottom": false,
                        "isWatch": false,
                        "items": Array [],
                        "link": Object {
                          "blank": false,
                          "url": "/football/ligue-1/",
                        },
                        "name": "Ligue 1",
                      },
                    ],
                    "link": Object {
                      "blank": false,
                      "url": "/football/",
                    },
                    "name": "Football",
                  },
                  Object {
                    "isBottom": false,
                    "isWatch": false,
                    "items": Array [
                      Object {
                        "isBottom": false,
                        "isWatch": false,
                        "items": Array [],
                        "link": Object {
                          "blank": false,
                          "url": "/tennis/",
                        },
                        "name": "Accueil tennis",
                      },
                      Object {
                        "isBottom": false,
                        "isWatch": false,
                        "items": Array [],
                        "link": Object {
                          "blank": false,
                          "url": "/tennis/open-d-australie/",
                        },
                        "name": "Open d'Australie",
                      },
                      Object {
                        "isBottom": false,
                        "isWatch": false,
                        "items": Array [],
                        "link": Object {
                          "blank": false,
                          "url": "/tennis/roland-garros/",
                        },
                        "name": "Roland-Garros",
                      },
                    ],
                    "link": Object {
                      "blank": false,
                      "url": "/tennis/",
                    },
                    "name": "Tennis",
                  },
                  Object {
                    "isBottom": false,
                    "isWatch": false,
                    "items": Array [
                      Object {
                        "isBottom": false,
                        "isWatch": false,
                        "items": Array [],
                        "link": Object {
                          "blank": false,
                          "url": "https://int.rugbyrama.fr/",
                        },
                        "name": "Accueil rugby",
                      },
                      Object {
                        "isBottom": false,
                        "isWatch": false,
                        "items": Array [],
                        "link": Object {
                          "blank": false,
                          "url": "https://int.rugbyrama.fr/rugby/top-14/",
                        },
                        "name": "Top 14",
                      },
                      Object {
                        "isBottom": false,
                        "isWatch": false,
                        "items": Array [],
                        "link": Object {
                          "blank": false,
                          "url": "https://int.rugbyrama.fr/rugby/pro-d2/",
                        },
                        "name": "Pro D2",
                      },
                    ],
                    "link": Object {
                      "blank": false,
                      "url": "https://int.rugbyrama.fr/",
                    },
                    "name": "Rugby",
                  },
                  Object {
                    "isBottom": false,
                    "isWatch": false,
                    "items": Array [],
                    "link": Object {
                      "blank": false,
                      "url": "/boxe/",
                    },
                    "name": "Boxe",
                  },
                ],
                "name": "Tous les sports",
              },
            ],
          },
          Object {
            "id": 3,
            "isBottom": false,
            "isWatch": false,
            "items": Array [],
            "link": Object {
              "blank": false,
              "url": "https://int-video.eurosport.fr",
            },
            "name": "Vidéos",
          },
          Object {
            "id": 4,
            "isBottom": false,
            "isWatch": true,
            "items": Array [],
            "link": Object {
              "blank": false,
              "url": "/regardez-eurosport-en-direct.shtml",
            },
            "name": "S'abonner à Eurosport",
            "sections": Array [
              Object {
                "items": Array [
                  Object {
                    "isBottom": false,
                    "isWatch": false,
                    "items": Array [],
                    "link": Object {
                      "blank": false,
                      "url": "/regardez-eurosport-en-direct.shtml",
                    },
                    "name": "Home watch",
                  },
                  Object {
                    "isBottom": false,
                    "isWatch": false,
                    "items": Array [],
                    "link": Object {
                      "blank": false,
                      "url": "/eurosport-guide-tv.shtml",
                    },
                    "name": "Guide TV",
                  },
                  Object {
                    "isBottom": false,
                    "isWatch": false,
                    "items": Array [],
                    "link": Object {
                      "blank": false,
                      "url": "https://int.eurosport.fr/watch-eurosport-how.shtml",
                    },
                    "name": "Comment regarder Eurosport ?",
                  },
                  Object {
                    "isBottom": false,
                    "isWatch": false,
                    "items": Array [],
                    "link": Object {
                      "blank": false,
                      "url": "https://int.eurosport.fr/watch-eurosport-how.shtml",
                    },
                    "name": "A ne pas manquer sur Eurosport",
                  },
                  Object {
                    "isBottom": false,
                    "isWatch": false,
                    "items": Array [],
                    "link": Object {
                      "blank": false,
                      "url": "https://int.eurosport.fr/watch-eurosport-how.shtml",
                    },
                    "name": "Prochains évènements Eurosport",
                  },
                ],
                "name": "S'abonner",
              },
            ],
            "shortName": "S'abonner",
          },
          Object {
            "id": 5,
            "isBottom": false,
            "isWatch": false,
            "items": Array [],
            "name": "Plus",
            "sections": Array [
              Object {
                "columnType": "about-us",
                "items": Array [
                  Object {
                    "isBottom": false,
                    "isWatch": false,
                    "items": Array [],
                    "link": Object {
                      "blank": false,
                      "url": "https://int-lebuzz.eurosport.fr/home_rub779.shtml",
                    },
                    "name": "Le Buzz",
                  },
                ],
                "name": "Plus",
              },
              Object {
                "columnType": "about-us",
                "items": Array [
                  Object {
                    "isBottom": false,
                    "isWatch": false,
                    "items": Array [],
                    "link": Object {
                      "blank": false,
                      "url": "https://int-video.eurosport.fr/omnisport/chaine-video/smit-invest-in-the-future/",
                    },
                    "name": "SMIT – Invest in the future",
                  },
                ],
                "name": "Partenaires",
              },
              Object {
                "columnType": "about-us",
                "items": Array [
                  Object {
                    "isBottom": false,
                    "isWatch": false,
                    "items": Array [],
                    "link": Object {
                      "blank": false,
                      "url": "/application-iphone.shtml",
                    },
                    "name": "Applications mobiles",
                  },
                  Object {
                    "isBottom": false,
                    "isWatch": false,
                    "items": Array [],
                    "link": Object {
                      "blank": false,
                      "url": "https://helpcenter.eurosport.com/en_ROW",
                    },
                    "name": "FAQ",
                  },
                ],
                "name": "A propos",
              },
            ],
          },
          Object {
            "id": 6,
            "isBottom": true,
            "isWatch": false,
            "items": Array [],
            "name": "Version FR",
            "sections": Array [
              Object {
                "items": Array [
                  Object {
                    "isBottom": false,
                    "isWatch": false,
                    "items": Array [],
                    "link": Object {
                      "blank": false,
                      "url": "https://int.eurosport.com",
                    },
                    "name": "International (English)",
                  },
                  Object {
                    "isBottom": false,
                    "isWatch": false,
                    "items": Array [],
                    "link": Object {
                      "blank": false,
                      "url": "https://int-espanol.eurosport.com",
                    },
                    "name": "Internacional (Español)",
                  },
                ],
                "name": "Sites Eurosport",
              },
            ],
          },
        ],
        "socialItem": Object {
          "id": 7,
          "isBottom": false,
          "isWatch": false,
          "items": Array [],
          "name": "Suivez nous sur :",
          "sections": Array [
            Object {
              "items": Array [
                Object {
                  "icon": "facebook",
                  "isBottom": false,
                  "isWatch": false,
                  "items": Array [],
                  "link": Object {
                    "blank": false,
                    "url": "//facebook.com/EurosportFR",
                  },
                  "name": "Facebook",
                },
                Object {
                  "icon": "twitter",
                  "isBottom": false,
                  "isWatch": false,
                  "items": Array [],
                  "link": Object {
                    "blank": false,
                    "url": "//twitter.com/Eurosport_FR",
                  },
                  "name": "Twitter",
                },
                Object {
                  "icon": "snapchat",
                  "isBottom": false,
                  "isWatch": false,
                  "items": Array [],
                  "link": Object {
                    "blank": false,
                    "url": "//www.snapchat.com/add/eurosportfr",
                  },
                  "name": "Snapchat",
                },
                Object {
                  "icon": "instagram",
                  "isBottom": false,
                  "isWatch": false,
                  "items": Array [],
                  "link": Object {
                    "blank": false,
                    "url": "//www.instagram.com/eurosport",
                  },
                  "name": "Instagram",
                },
              ],
            },
          ],
        },
      }
    }
    homePageUrl=""
    isOpen={false}
    onClose={[Function]}
    quantCastMenuLabel=""
  />
  <BurgerIcon
    onClick={[Function]}
  />
  <Link
    data-test="header-logo"
    href=""
    linkComponent={[Function]}
  >
    <Logo
      small={false}
    />
  </Link>
</Styled(header)>
`;
