// Jest Snapshot v1, https://goo.gl/fbAQLP

exports[`Carousel test must render the carousel 1`] = `
<Carousel
  className=""
  slideMargin={8}
>
  <Styled(div)
    className=""
    slides={Array []}
  >
    <div
      className="css-95cx95 e1pu0r420"
    >
      <Styled(div)
        innerRef={
          Object {
            "current": <div
              class="css-cvtcsk e1pu0r421"
            >
              <div
                class="css-dllr4j e1pu0r422"
              >
                <div
                  class="css-14gl6bk e1pu0r423"
                >
                  <div>
                    1
                  </div>
                </div>
                <div
                  class="css-14gl6bk e1pu0r423"
                >
                  <div>
                    2
                  </div>
                </div>
                <div
                  class="css-14gl6bk e1pu0r423"
                >
                  <div>
                    3
                  </div>
                </div>
                <div
                  class="css-14gl6bk e1pu0r423"
                >
                  <div>
                    4
                  </div>
                </div>
                <div
                  class="css-14gl6bk e1pu0r423"
                >
                  <div>
                    5
                  </div>
                </div>
                <div
                  class="css-14gl6bk e1pu0r423"
                >
                  <div>
                    6
                  </div>
                </div>
              </div>
            </div>,
          }
        }
        trackWidth={0}
      >
        <div
          className="css-cvtcsk e1pu0r421"
        >
          <Styled(div)
            innerRef={
              Object {
                "current": <div
                  class="css-dllr4j e1pu0r422"
                >
                  <div
                    class="css-14gl6bk e1pu0r423"
                  >
                    <div>
                      1
                    </div>
                  </div>
                  <div
                    class="css-14gl6bk e1pu0r423"
                  >
                    <div>
                      2
                    </div>
                  </div>
                  <div
                    class="css-14gl6bk e1pu0r423"
                  >
                    <div>
                      3
                    </div>
                  </div>
                  <div
                    class="css-14gl6bk e1pu0r423"
                  >
                    <div>
                      4
                    </div>
                  </div>
                  <div
                    class="css-14gl6bk e1pu0r423"
                  >
                    <div>
                      5
                    </div>
                  </div>
                  <div
                    class="css-14gl6bk e1pu0r423"
                  >
                    <div>
                      6
                    </div>
                  </div>
                </div>,
              }
            }
            isDragging={false}
            left={0}
            trackWidth={0}
          >
            <div
              className="css-dllr4j e1pu0r422"
            >
              <Styled(div)
                key="0"
                margin={8}
              >
                <div
                  className="css-14gl6bk e1pu0r423"
                >
                  <div>
                    1
                  </div>
                </div>
              </Styled(div)>
              <Styled(div)
                key="1"
                margin={8}
              >
                <div
                  className="css-14gl6bk e1pu0r423"
                >
                  <div>
                    2
                  </div>
                </div>
              </Styled(div)>
              <Styled(div)
                key="2"
                margin={8}
              >
                <div
                  className="css-14gl6bk e1pu0r423"
                >
                  <div>
                    3
                  </div>
                </div>
              </Styled(div)>
              <Styled(div)
                key="3"
                margin={8}
              >
                <div
                  className="css-14gl6bk e1pu0r423"
                >
                  <div>
                    4
                  </div>
                </div>
              </Styled(div)>
              <Styled(div)
                key="4"
                margin={8}
              >
                <div
                  className="css-14gl6bk e1pu0r423"
                >
                  <div>
                    5
                  </div>
                </div>
              </Styled(div)>
              <Styled(div)
                key="5"
                margin={8}
              >
                <div
                  className="css-14gl6bk e1pu0r423"
                >
                  <div>
                    6
                  </div>
                </div>
              </Styled(div)>
            </div>
          </Styled(div)>
        </div>
      </Styled(div)>
    </div>
  </Styled(div)>
</Carousel>
`;
