// Jest Snapshot v1, https://goo.gl/fbAQLP

exports[`renders a Heading as h1 1`] = `
<h1>
  Heading text
</h1>
`;

exports[`renders a Heading as h2 1`] = `
<h2>
  Heading text
</h2>
`;

exports[`renders a Heading as h3 1`] = `
<h3>
  Heading text
</h3>
`;

exports[`renders a Heading as h4 1`] = `
<h4>
  Heading text
</h4>
`;

exports[`renders a Heading as h5 1`] = `
<h5>
  Heading text
</h5>
`;

exports[`renders a Heading as h6 1`] = `
<h6>
  Heading text
</h6>
`;
