// Jest Snapshot v1, https://goo.gl/fbAQLP

exports[`ViewMore renders its content 1`] = `
<ViewMore>
  <Styled(ul)
    blockHeight={0}
    data-test="item-list"
    innerRef={
      Object {
        "current": <ul
          class="css-n93gab e1e87viu1"
          data-test="item-list"
        >
          <li
            class="css-1u41msn e1e87viu2"
          >
            <div
              data-test="children"
            >
              match
            </div>
          </li>
        </ul>,
      }
    }
    isExpanded={false}
  >
    <ul
      className="css-n93gab e1e87viu1"
      data-test="item-list"
    >
      <Styled(li)
        key="0"
      >
        <li
          className="css-1u41msn e1e87viu2"
        >
          <div
            data-test="children"
            key="0"
          >
            match
          </div>
        </li>
      </Styled(li)>
    </ul>
  </Styled(ul)>
  <Styled(span)
    data-test="view-button"
    onClick={[Function]}
  >
    <span
      className="css-41z9q8 e1e87viu0"
      data-test="view-button"
      onClick={[Function]}
    >
      Show more
    </span>
  </Styled(span)>
</ViewMore>
`;
